// Jest Snapshot v1, https://goo.gl/fbAQLP

exports[`Footer renders correctly 1`] = `
.c0 {
  padding: 1em 0;
  width: 100%;
  position: absolute;
  bottom: -.2em;
  left: 0;
  display: grid;
  background: var(--footerBackground);
  color: var(--secondaryFont);
}

.c0 p {
  justify-self: center;
  text-transform: uppercase;
  margin: .5em 0;
}

@media (min-width:992px) {
  .c0 {
    grid-template-columns: 1fr 1fr 1fr;
    height: 4em;
  }

  .c0 p {
    -webkit-align-self: center;
    -ms-flex-item-align: center;
    align-self: center;
  }

  .c0 p:first-child {
    justify-self: end;
  }

  .c0 p:last-child {
    justify-self: start;
  }
}

<div>
  <div
    class="c0"
  >
    <p>
      Web Dev Testcase
    </p>
    <p>
      Â©2021 Wechselpilot
    </p>
    <p>
      No rights reserved
    </p>
  </div>
</div>
`;
