// Jest Snapshot v1, https://goo.gl/fbAQLP

exports[`Header renders correctly 1`] = `
.c0 {
  padding: 1em;
  height: 50vh;
  background: url(elphi_600.jpg);
  background-position: center;
  background-repeat: no-repeat;
  background-size: cover;
  position: relative;
}

.c1 {
  background: rgba(0,0,0,.2);
  -webkit-backdrop-filter: blur(3px);
  backdrop-filter: blur(3px);
  border: 1px solid var(--secondaryFont);
  position: absolute;
  top: 50%;
  left: 29%;
  -webkit-transform: translate(-19%,-50%);
  -ms-transform: translate(-19%,-50%);
  transform: translate(-19%,-50%);
}

.c1 h1 {
  text-transform: uppercase;
  color: var(--secondaryFont);
  margin: .25em .5em;
}

@media (min-width:768px) {
  .c0 {
    background: url(elphi_1000.jpg);
    background-position: center;
    background-repeat: no-repeat;
  }
}

@media (min-width:992px) {
  .c0 {
    background: url(elphi_1900.jpg);
    background-position: center;
    background-repeat: no-repeat;
    background-size: cover;
    padding: 5em;
  }
}

@media (min-width:1200px) {
  .c0 {
    padding: 10em;
  }
}

@media (min-width:768px) {
  .c1 {
    top: 50%;
    left: 50%;
    -webkit-transform: translate(-50%,-50%);
    -ms-transform: translate(-50%,-50%);
    transform: translate(-50%,-50%);
  }
}

@media (min-width:992px) {
  .c1 {
    top: 4em;
    left: 9em;
  }
}

@media (min-width:1200px) {
  .c1 {
    top: 6em;
    left: 13em;
  }

  .c1 h1 {
    font-size: 2.8rem;
  }
}

<div>
  <div
    class="c0"
  >
    <div
      class="c1"
    >
      <h1>
        Moin Moin
      </h1>
    </div>
  </div>
</div>
`;
