// Jest Snapshot v1, https://goo.gl/fbAQLP

exports[`Main renders correctly 1`] = `
.c0 {
  padding: 0.1em 1.5em;
}

.c2 {
  margin-left: -1.5em;
}

.c2 img {
  width: 100vw;
}

@media (min-width:1200px) {
  .c0 {
    padding: 1.5em 2.5em;
    font-size: 1.1em;
  }
}

@media (min-width:922px) {
  .c1 {
    display: grid;
    grid-template-columns: 1fr 1fr;
    -webkit-column-gap: 2em;
    column-gap: 2em;
  }
}

@media (min-width:922px) {
  .c2 {
    margin-left: 0;
    margin-top: 1em;
  }

  .c2 img {
    width: 100%;
  }
}

<div>
  <div
    class="c0"
  >
    <h2>
      This is just a Testcase
    </h2>
    <div
      class="c1"
    >
      <div>
        <h3>
          Dies ist ein Typoblindtext
        </h3>
        <p>
          An ihm kann man sehen, ob alle Buchstaben da sind und wie sie aussehen. Manchmal benutzt man Worte wie Hamburgefonts, Rafgenduks oder Handgloves, um Schriften zu testen.
        </p>
        <p>
          Manchmal Sätze, die alle Buchstaben des Alphabets enthalten - man nennt diese Sätze "Pangrams". Sehr bekannt ist dieser: The quick brown fox jumps over the lazy old dog. Oft werden in Typoblindtexte auch fremdsprachige Satzteile eingebaut (AVAIL and Wefox are testing aussi la Kerning), um die Wirkung in anderen Sprachen zu testen.
        </p>
        <p>
          In Lateinisch sieht zum Beispiel fast jede Schrift gut aus. Quod erat demonstrandum. Seit 1975 fehlen in den meisten Testtexten die Zahlen, weswegen nach TypoGb.
        </p>
      </div>
      <div
        class="c2"
      >
        <img
          alt="Hamburg Hochbahn"
          src="public_transport_600.jpg"
          srcset="public_transport_600.jpg 300w, public_transport_1000.jpg 768w"
        />
      </div>
    </div>
  </div>
</div>
`;
